// Jest Snapshot v1, https://goo.gl/fbAQLP

exports[`components/pages/Top/Connected.tsx 正常にrenderすること 1`] = `
<Memo(Page)
  onAppleLogin={[Function]}
  onGoogleLogin={[Function]}
  onLogin={[Function]}
  onSkip={[Function]}
/>
`;
