// Jest Snapshot v1, https://goo.gl/fbAQLP

exports[`components/templates/Intro/Intro/Page.tsx 正常にrenderすること 1`] = `
<Memo(Intro)
  dayOfWeek={1}
  hours={0}
  minutes={0}
  notification={false}
  onFinish={[MockFunction]}
  onSaveNotification={[MockFunction]}
/>
`;
