// Jest Snapshot v1, https://goo.gl/fbAQLP

exports[`components/molecules/Memoir/Header.tsx 正常にrenderすること 1`] = `
<View
  style={
    Object {
      "justifyContent": "center",
      "width": "100%",
    }
  }
>
  <View
    style={
      Object {
        "backgroundColor": "#362740",
        "justifyContent": "center",
        "marginHorizontal": 16,
        "marginVertical": 16,
        "paddingVertical": 2,
      }
    }
  >
    <Text
      color="baseLight"
      fontFamily="RobotoCondensed-Bold"
      textAlign="center"
      variants="middle"
    >
      2020.01.01
       -
       
      2020.01.07
    </Text>
  </View>
</View>
`;
