// Jest Snapshot v1, https://goo.gl/fbAQLP

exports[`components/templates/DataManagement/Page.tsx 正常にrenderすること 1`] = `
<ContextConsumer>
  <Component />
</ContextConsumer>
`;
