// Jest Snapshot v1, https://goo.gl/fbAQLP

exports[`components/pages/Setting/RelationshipRequests/index.tsx 正常にrenderすること 1`] = `<Memo(Connected) />`;
