// Jest Snapshot v1, https://goo.gl/fbAQLP

exports[`components/pages/Intro/Intro/Connected.tsx 正常にrenderすること 1`] = `
<Memo(Plain)
  data={
    Object {
      "dayOfWeek": 1,
      "hours": 0,
      "minutes": 0,
      "notification": false,
    }
  }
  loading={false}
  onFinish={[MockFunction]}
  onSaveNotification={[Function]}
/>
`;
