// Jest Snapshot v1, https://goo.gl/fbAQLP

exports[`components/pages/Intro/Intro/index.tsx 正常にrenderすること 1`] = `
<Memo(Connected)
  onFinish={[MockFunction]}
/>
`;
