// Jest Snapshot v1, https://goo.gl/fbAQLP

exports[`components/pages/Memoir/ScreenShot/Plain.tsx 正常にrenderすること 1`] = `
<Memo(Page)
  endDate="2020-01-07"
  items={Array []}
  startDate="2020-01-01"
  users={Array []}
/>
`;
