// Jest Snapshot v1, https://goo.gl/fbAQLP

exports[`components/templates/Top/Page.tsx 正常にrenderすること 1`] = `
<View
  style={
    Object {
      "backgroundColor": "#E3C95D",
      "height": "100%",
    }
  }
>
  <ExpoStatusBar
    backgroundColor="#E3C95D"
    style="dark"
  />
  <RNCSafeAreaView>
    <View
      style={
        Object {
          "backgroundColor": "#FFFFFF",
          "height": "100%",
        }
      }
    >
      <ImageBackground
        resizeMode="cover"
        source={null}
        style={
          Object {
            "flex": 1,
            "justifyContent": "center",
          }
        }
      >
        <View
          style={
            Object {
              "alignItems": "center",
              "height": "40%",
              "justifyContent": "center",
              "width": "100%",
            }
          }
        >
          <Text
            fontFamily="RobotoCondensed-Bold"
            textAlign="center"
            variants="logo"
          >
            memoir
          </Text>
          <View
            style={
              Object {
                "position": "absolute",
                "right": 16,
                "top": 16,
              }
            }
          >
            <ForwardRef
              onPress={[MockFunction]}
            >
              <Text
                fontFamily="NotoSansJP-Bold"
                style={
                  Object {
                    "textDecorationLine": "underline",
                  }
                }
                underline={true}
                variants="small"
              >
                スキップ
              </Text>
            </ForwardRef>
          </View>
        </View>
        <View
          style={
            Object {
              "backgroundColor": "#FFFFFF",
              "height": "60%",
              "width": "100%",
            }
          }
        >
          <View
            style={
              Object {
                "alignItems": "center",
                "flexDirection": "row",
                "height": 80,
                "justifyContent": "center",
              }
            }
          >
            <View
              style={
                Object {
                  "borderColor": "#D8D7D6",
                  "borderWidth": 0.5,
                  "marginHorizontal": 32,
                  "width": "30%",
                }
              }
            />
            <View>
              <Text
                fontFamily="RobotoCondensed-Bold"
                variants="small"
              >
                新規登録
              </Text>
            </View>
            <View
              style={
                Object {
                  "borderColor": "#D8D7D6",
                  "borderWidth": 0.5,
                  "marginHorizontal": 32,
                  "width": "30%",
                }
              }
            />
          </View>
          <View
            style={
              Object {
                "alignItems": "center",
                "justifyContent": "center",
                "paddingTop": 16,
                "width": "100%",
              }
            }
          >
            <Memo(Form)
              onAppleLogin={[MockFunction]}
              onGoogleLogin={[MockFunction]}
            />
          </View>
          <View
            style={
              Object {
                "alignItems": "flex-end",
                "bottom": 16,
                "flex": 1,
                "flexDirection": "row",
                "justifyContent": "space-between",
                "paddingHorizontal": 16,
                "paddingTop": 16,
              }
            }
          >
            <View
              style={
                Object {
                  "bottom": 4,
                }
              }
            >
              <Text
                fontFamily="RobotoCondensed-Bold"
                variants="small"
              >
                すでにアカウントアカウントをお持ちの方
              </Text>
            </View>
            <View
              style={Object {}}
            >
              <ForwardRef
                onPress={[MockFunction]}
              >
                <Text
                  color="primary"
                  fontFamily="NotoSansJP-Bold"
                  underline={true}
                  variants="body"
                >
                  ログイン
                </Text>
              </ForwardRef>
            </View>
          </View>
        </View>
      </ImageBackground>
    </View>
  </RNCSafeAreaView>
</View>
`;
