// Jest Snapshot v1, https://goo.gl/fbAQLP

exports[`components/organisms/MyPage/NotAuthenticated.tsx 正常にrenderすること 1`] = `
<View
  style={
    Object {
      "alignItems": "center",
      "backgroundColor": "#F2F2F2",
      "height": "100%",
    }
  }
>
  <View
    style={
      Object {
        "alignItems": "center",
        "width": "100%",
      }
    }
  >
    <View
      mt={4}
    >
      <ForwardRef
        onPress={[MockFunction]}
      >
        <Memo(UserImage)
          image=""
        />
      </ForwardRef>
    </View>
    <View
      m={4}
    >
      <ForwardRef
        onPress={[MockFunction]}
      >
        <View
          style={
            Object {
              "alignItems": "center",
              "flexDirection": "row",
              "justifyContent": "center",
            }
          }
        >
          <Text
            fontFamily="RobotoCondensed-Bold"
            variants="body"
          >
            test
          </Text>
          <Icon
            allowFontScaling={false}
            color="#362740"
            name="chevron-right"
            size={23}
          />
        </View>
      </ForwardRef>
    </View>
  </View>
  <View
    m={3}
    style={
      Object {
        "alignItems": "center",
        "flexDirection": "column",
        "justifyContent": "center",
      }
    }
  >
    <View
      my={4}
      style={
        Object {
          "width": 250,
        }
      }
    >
      <Text
        fontFamily="RobotoCondensed-Bold"
        lineHeight={15}
        textAlign="center"
        variants="small"
      >
        サインインすれば、他のユーザーとタスクを共有することができます。
      </Text>
    </View>
    <View>
      <Button
        fontFamily="NotoSansJP-Bold"
        onPress={[MockFunction]}
        size="base"
        title="サインイン"
        width={220}
      />
    </View>
  </View>
</View>
`;
