// Jest Snapshot v1, https://goo.gl/fbAQLP

exports[`components/templates/ItemDetail/Page.tsx 正常にrenderすること 1`] = `
<Fragment>
  <Memo(AddItemModal)
    date="2021-01-01"
    edit={true}
    isVisible={false}
    item={
      Object {
        "categoryID": 9,
        "date": "2021-01-01T00:00:00+09:00",
        "dislike": false,
        "like": false,
        "title": "買い物",
      }
    }
    loading={false}
    onAdd={[MockFunction]}
    onClose={[MockFunction]}
  />
  <Memo(InputDateWrap)
    date="2021-01-01T00:00:00+09:00"
    firstItem={true}
    onChangeDate={[MockFunction]}
  >
    <ScrollView>
      <View
        style={
          Object {
            "height": "100%",
            "marginHorizontal": 16,
            "marginVertical": 32,
          }
        }
      >
        <Memo(CardDetail)
          categoryID={9}
          dislike={false}
          like={false}
          onDeleteItem={[MockFunction]}
          onOpenUpdateItem={[MockFunction]}
          title="買い物"
        />
      </View>
    </ScrollView>
  </Memo(InputDateWrap)>
</Fragment>
`;
