// Jest Snapshot v1, https://goo.gl/fbAQLP

exports[`components/organisms/AddItemModal/AddItemModal.tsx 正常にrenderすること 1`] = `
<Modal
  buttonTitle="入力"
  disabledButton={false}
  isVisible={true}
  loading={false}
  onClose={[MockFunction]}
  onPress={[Function]}
  title="2020.01.01 / 水"
>
  <View
    px={3}
    py={2}
    style={Object {}}
  >
    <TextInput
      autoFocus={true}
      defaultValue="買い物"
      onChangeText={[Function]}
      placeholder="今日何やった？"
      returnKeyType="done"
      style={
        Object {
          "fontSize": 24,
          "height": 60,
        }
      }
    />
    <View
      py={3}
    >
      <Memo(Categories)
        categoryID={9}
        onPress={[Function]}
      />
    </View>
    <View
      py={3}
    >
      <Memo(Compatibility)
        dislike={false}
        like={false}
        onDislike={[Function]}
        onLike={[Function]}
      />
    </View>
  </View>
</Modal>
`;
