// Jest Snapshot v1, https://goo.gl/fbAQLP

exports[`components/pages/ItemDetail/index.tsx 正常にrenderすること 1`] = `
<Memo(Connected)
  date="2020-01-01"
  itemID="test"
/>
`;
