// Jest Snapshot v1, https://goo.gl/fbAQLP

exports[`components/pages/UpdateProfile/index.tsx 正常にrenderすること 1`] = `<Memo(Connected) />`;
