// Jest Snapshot v1, https://goo.gl/fbAQLP

exports[`components/templates/SeeYouAgain/SeeYouAgain.tsx 正常にrenderすること 1`] = `
<ForwardRef>
  <View
    style={
      Object {
        "backgroundColor": "#FFFFFF",
        "height": "100%",
      }
    }
  >
    <ScrollView>
      <View
        style={
          Object {
            "alignItems": "center",
            "justifyContent": "center",
            "marginBottom": 128,
            "padding": 8,
            "width": "100%",
          }
        }
      >
        <View
          pb={5}
          pt={4}
        >
          <Image
            height={100}
            resizeMode="contain"
            source={null}
            width={100}
          />
        </View>
        <Text
          fontFamily="RobotoCondensed-Bold"
          size="base"
          variants="body"
        >
          アカウント削除が完了しました。
          


          ご利用ありがとうございました。
          


          また、会いましょう。
        </Text>
        <View
          py={5}
        >
          <Button
            fontFamily="NotoSansJP-Bold"
            onPress={[Function]}
            size="base"
            title="TOPに戻る"
            width={200}
          />
        </View>
      </View>
    </ScrollView>
  </View>
</ForwardRef>
`;
