// Jest Snapshot v1, https://goo.gl/fbAQLP

exports[`components/templates/App/Loading.tsx 正常にrenderすること 1`] = `
<View
  style={
    Object {
      "alignItems": "center",
      "backgroundColor": "#F2F2F2",
      "height": "100%",
      "justifyContent": "center",
      "width": "100%",
    }
  }
>
  <Loading
    size="large"
  />
</View>
`;
