// Jest Snapshot v1, https://goo.gl/fbAQLP

exports[`components/pages/Privacy/index.tsx 正常にrenderすること 1`] = `
<WebView
  cacheEnabled={true}
  javaScriptEnabled={true}
  originWhitelist={
    Array [
      "http://*",
      "https://*",
    ]
  }
  source={
    Object {
      "uri": "https://memoir-lp.vercel.app/terms?app=true",
    }
  }
  style={
    Object {
      "height": "100%",
      "width": "100%",
    }
  }
  useSharedProcessPool={true}
/>
`;
